../Core/Src/main.c:74:17:Servo_AngleToUs	16	static
../Core/Src/main.c:80:13:Servo_MoveOneStep	16	static
../Core/Src/main.c:92:13:Servo_Move_Mid	8	static
../Core/Src/main.c:102:5:main	8	static
../Core/Src/main.c:154:6:SystemClock_Config	88	static
../Core/Src/main.c:201:13:MX_TIM2_Init	64	static
../Core/Src/main.c:260:13:MX_TIM3_Init	64	static
../Core/Src/main.c:319:13:MX_USART2_UART_Init	8	static
../Core/Src/main.c:352:13:MX_GPIO_Init	48	static
../Core/Src/main.c:387:6:HAL_TIM_PeriodElapsedCallback	24	static
../Core/Src/main.c:411:6:HAL_UART_RxCpltCallback	16	static
../Core/Src/main.c:439:6:Error_Handler	4	static,ignoring_inline_asm
